Archive member included because of file (symbol)

C:/Embedded/Microchip/MPLAB C32 Suite/bin/../lib/gcc/pic32mx/3.4.4/../../../../pic32mx/lib\libc.a(general-exception.o)
                              C:/Embedded/Microchip/MPLAB C32 Suite/bin/../lib/gcc/pic32mx/3.4.4/../../../../pic32mx/lib/crt0.o (_general_exception_context)
C:/Embedded/Microchip/MPLAB C32 Suite/bin/../lib/gcc/pic32mx/3.4.4/../../../../pic32mx/lib\libc.a(default-general-exception-handler.o)
                              C:/Embedded/Microchip/MPLAB C32 Suite/bin/../lib/gcc/pic32mx/3.4.4/../../../../pic32mx/lib\libc.a(general-exception.o) (_general_exception_handler)
C:/Embedded/Microchip/MPLAB C32 Suite/bin/../lib/gcc/pic32mx/3.4.4/../../../../pic32mx/lib\libc.a(default-bootstrap-exception-handler.o)
                              C:/Embedded/Microchip/MPLAB C32 Suite/bin/../lib/gcc/pic32mx/3.4.4/../../../../pic32mx/lib/crt0.o (_bootstrap_exception_handler)
C:/Embedded/Microchip/MPLAB C32 Suite/bin/../lib/gcc/pic32mx/3.4.4/../../../../pic32mx/lib\libc.a(default-on-reset.o)
                              C:/Embedded/Microchip/MPLAB C32 Suite/bin/../lib/gcc/pic32mx/3.4.4/../../../../pic32mx/lib/crt0.o (_on_reset)
C:/Embedded/Microchip/MPLAB C32 Suite/bin/../lib/gcc/pic32mx/3.4.4/../../../../pic32mx/lib\libc.a(default-on-bootstrap.o)
                              C:/Embedded/Microchip/MPLAB C32 Suite/bin/../lib/gcc/pic32mx/3.4.4/../../../../pic32mx/lib/crt0.o (_on_bootstrap)
C:/Embedded/Microchip/MPLAB C32 Suite/bin/../lib/gcc/pic32mx/3.4.4/../../../../pic32mx/lib\libc.a(default-nmi-handler.o)
                              C:/Embedded/Microchip/MPLAB C32 Suite/bin/../lib/gcc/pic32mx/3.4.4/../../../../pic32mx/lib/crt0.o (_nmi_handler)
C:/Embedded/Microchip/MPLAB C32 Suite/bin/../lib/gcc/pic32mx/3.4.4/../../../../pic32mx/lib\libmchp_peripheral_32MX695F512H.a(soft_reset_lib.o)
                              Output\main.o (SoftReset)
C:/Embedded/Microchip/MPLAB C32 Suite/bin/../lib/gcc/pic32mx/3.4.4/../../../../pic32mx/lib\libmchp_peripheral_32MX695F512H.a(int_disable_interrupts_lib.o)
                              C:/Embedded/Microchip/MPLAB C32 Suite/bin/../lib/gcc/pic32mx/3.4.4/../../../../pic32mx/lib\libmchp_peripheral_32MX695F512H.a(soft_reset_lib.o) (INTDisableInterrupts)
C:/Embedded/Microchip/MPLAB C32 Suite/bin/../lib/gcc/pic32mx/3.4.4/../../../../pic32mx/lib\libmchp_peripheral_32MX695F512H.a(nvm_erase_page_lib.o)
                              Output\main.o (NVMErasePage)
C:/Embedded/Microchip/MPLAB C32 Suite/bin/../lib/gcc/pic32mx/3.4.4/../../../../pic32mx/lib\libmchp_peripheral_32MX695F512H.a(nvm_operation_lib.o)
                              C:/Embedded/Microchip/MPLAB C32 Suite/bin/../lib/gcc/pic32mx/3.4.4/../../../../pic32mx/lib\libmchp_peripheral_32MX695F512H.a(nvm_erase_page_lib.o) (_NVMOperation)
C:/Embedded/Microchip/MPLAB C32 Suite/bin/../lib/gcc/pic32mx/3.4.4/../../../../pic32mx/lib\libmchp_peripheral_32MX695F512H.a(nvm_write_word_lib.o)
                              Output\main.o (NVMWriteWord)
C:/Embedded/Microchip/MPLAB C32 Suite/bin/../lib/gcc/pic32mx/3.4.4/../../../../pic32mx/lib\libmchp_peripheral_32MX695F512H.a(int_restore_interrupts_lib.o)
                              C:/Embedded/Microchip/MPLAB C32 Suite/bin/../lib/gcc/pic32mx/3.4.4/../../../../pic32mx/lib\libmchp_peripheral_32MX695F512H.a(nvm_operation_lib.o) (INTRestoreInterrupts)

Allocating common symbols
Common symbol       size              file

BufferedDataIndex   0x1               Output\main.o
MaxPageToErase      0x1               Output\main.o
ep_data_in          0x2               Output\usb_device.o
inPipes             0x10              Output\usb_device.o
USBDeferStatusStagePacket
                    0x4               Output\usb_device.o
USTATcopy           0x1               Output\usb_device.o
CtrlTrfData         0x8               Output\usb_device.o
RemoteWakeup        0x4               Output\usb_device.o
controlTransferState
                    0x1               Output\usb_device.o
USBStatusStageTimeoutCounter
                    0x1               Output\usb_device.o
pDst                0x4               Output\usb_device.o
PacketFromPCBuffer  0x40              Output\main.o
PacketToPC          0x40              Output\main.o
ErasePageTracker    0x1               Output\main.o
USBDeferINDataStagePackets
                    0x4               Output\usb_device.o
ep_data_out         0x2               Output\usb_device.o
SetupPkt            0x8               Output\usb_device.o
pBDTEntryEP0OutNext
                    0x4               Output\usb_device.o
USBAlternateInterface
                    0x1               Output\usb_device.o
outPipes            0xb               Output\usb_device.o
active_protocol     0x1               Output\usb_function_hid.o
ProgrammedPointer   0x4               Output\main.o
USBStatusStageEnabledFlag2
                    0x4               Output\usb_device.o
BothEP0OutUOWNsSet  0x4               Output\usb_device.o
USBBusIsSuspended   0x4               Output\usb_device.o
USBDeferOUTDataStagePackets
                    0x4               Output\usb_device.o
hid_report_out      0x40              Output\usb_device.o
PacketFromPC        0x40              Output\main.o
BootState           0x1               Output\main.o
pBDTEntryOut        0x8               Output\usb_device.o
USBActiveConfiguration
                    0x1               Output\usb_device.o
ConfigsProtected    0x1               Output\main.o
USBStatusStageEnabledFlag1
                    0x4               Output\usb_device.o
USBDeviceState      0x4               Output\usb_device.o
ProgramMemStopAddress
                    0x4               Output\main.o
pBDTEntryIn         0x8               Output\usb_device.o
pBDTEntryEP0OutCurrent
                    0x4               Output\usb_device.o
shortPacketStatus   0x1               Output\usb_device.o
ProgrammingBuffer   0x80              Output\main.o
idle_rate           0x1               Output\usb_function_hid.o
hid_report_in       0x40              Output\usb_device.o
BDT                 0x40              Output\usb_device.o
endpoint_number     0x1               Output\usb_device.o

Microchip PIC32 Memory-Usage Report

kseg0 Program-Memory Usage
section                    address  length [bytes]      (dec)  Description
-------                 ----------  -------------------------  -----------
.text                   0x9d002000         0x2d1c       11548  Application's executable code 
.rodata                 0x9d004d1c          0x124         292  Read-only constant data 
.sdata                  0x9d004e40            0x4           4  Small data-initialization template 
      Total kseg0_program_mem used  :      0x2e44       11844  2.3% of 0x7d000

kseg0 Boot-Memory Usage
section                    address  length [bytes]      (dec)  Description
-------                 ----------  -------------------------  -----------
.startup                0x9d001490          0x1e0         480  C startup code 
         Total kseg0_boot_mem used  :       0x1e0         480  19.9% of 0x970

Exception-Memory Usage 
section                    address  length [bytes]      (dec)  Description
-------                 ----------  -------------------------  -----------
.app_excpt              0x9d000180           0x10          16  General-Exception handler 
          Total exception_mem used  :        0x10          16  0.4% of 0x1000

kseg1 Boot-Memory Usage
section                    address  length [bytes]      (dec)  Description
-------                 ----------  -------------------------  -----------
.reset                  0xbfc00000           0x10          16  Reset handler 
.bev_excpt              0xbfc00380           0x10          16  BEV-Exception handler 
         Total kseg1_boot_mem used  :        0x20          32  2.7% of 0x490
        --------------------------------------------------------------------------
         Total Program Memory used  :      0x3054       12372  2.4% of 0x7ee00
        --------------------------------------------------------------------------


kseg1 Data-Memory Usage
section                    address  length [bytes]      (dec)  Description
-------                 ----------  -------------------------  -----------
.sdata                  0xa0000004            0x4           4  Small initialized data 
.sbss                   0xa0000008           0x88         136  Small uninitialized data 
.bss                    0xa0000200          0x440        1088  Uninitialized data 
.stack                  0xa0000640          0x400        1024  Minimum space reserved for stack 
         Total kseg1_data_mem used  :       0x8cc        2252  6.9% of 0x7ffc
        --------------------------------------------------------------------------
            Total Data Memory used  :       0x8cc        2252  6.9% of 0x7ffc
        --------------------------------------------------------------------------

Discarded input sections

 .data          0x00000000        0x0 C:/Embedded/Microchip/MPLAB C32 Suite/bin/../lib/gcc/pic32mx/3.4.4/../../../../pic32mx/lib/crt0.o
 .bss           0x00000000        0x0 C:/Embedded/Microchip/MPLAB C32 Suite/bin/../lib/gcc/pic32mx/3.4.4/../../../../pic32mx/lib/crt0.o
 .reginfo       0x00000000       0x18 C:/Embedded/Microchip/MPLAB C32 Suite/bin/../lib/gcc/pic32mx/3.4.4/../../../../pic32mx/lib/crt0.o
 .pdr           0x00000000       0xa0 C:/Embedded/Microchip/MPLAB C32 Suite/bin/../lib/gcc/pic32mx/3.4.4/../../../../pic32mx/lib/crt0.o
 .text          0x00000000        0x0 Output\usb_descriptors.o
 .data          0x00000000        0x0 Output\usb_descriptors.o
 .bss           0x00000000        0x0 Output\usb_descriptors.o
 .reginfo       0x00000000       0x18 Output\usb_descriptors.o
 .pdr           0x00000000        0x0 Output\usb_descriptors.o
 .data          0x00000000        0x0 Output\main.o
 .bss           0x00000000        0x0 Output\main.o
 .reginfo       0x00000000       0x18 Output\main.o
 .pdr           0x00000000      0x220 Output\main.o
 .data          0x00000000        0x0 Output\usb_device.o
 .bss           0x00000000        0x0 Output\usb_device.o
 .reginfo       0x00000000       0x18 Output\usb_device.o
 .pdr           0x00000000      0x300 Output\usb_device.o
 .data          0x00000000        0x0 Output\usb_function_hid.o
 .bss           0x00000000        0x0 Output\usb_function_hid.o
 .reginfo       0x00000000       0x18 Output\usb_function_hid.o
 .pdr           0x00000000       0x20 Output\usb_function_hid.o
 .text          0x00000000        0x0 C:/Embedded/Microchip/MPLAB C32 Suite/bin/../lib/gcc/pic32mx/3.4.4/../../../../pic32mx/lib\libc.a(general-exception.o)
 .data          0x00000000        0x0 C:/Embedded/Microchip/MPLAB C32 Suite/bin/../lib/gcc/pic32mx/3.4.4/../../../../pic32mx/lib\libc.a(general-exception.o)
 .bss           0x00000000        0x0 C:/Embedded/Microchip/MPLAB C32 Suite/bin/../lib/gcc/pic32mx/3.4.4/../../../../pic32mx/lib\libc.a(general-exception.o)
 .reginfo       0x00000000       0x18 C:/Embedded/Microchip/MPLAB C32 Suite/bin/../lib/gcc/pic32mx/3.4.4/../../../../pic32mx/lib\libc.a(general-exception.o)
 .pdr           0x00000000       0x20 C:/Embedded/Microchip/MPLAB C32 Suite/bin/../lib/gcc/pic32mx/3.4.4/../../../../pic32mx/lib\libc.a(general-exception.o)
 .text          0x00000000        0x0 C:/Embedded/Microchip/MPLAB C32 Suite/bin/../lib/gcc/pic32mx/3.4.4/../../../../pic32mx/lib\libc.a(default-general-exception-handler.o)
 .data          0x00000000        0x0 C:/Embedded/Microchip/MPLAB C32 Suite/bin/../lib/gcc/pic32mx/3.4.4/../../../../pic32mx/lib\libc.a(default-general-exception-handler.o)
 .bss           0x00000000        0x0 C:/Embedded/Microchip/MPLAB C32 Suite/bin/../lib/gcc/pic32mx/3.4.4/../../../../pic32mx/lib\libc.a(default-general-exception-handler.o)
 .reginfo       0x00000000       0x18 C:/Embedded/Microchip/MPLAB C32 Suite/bin/../lib/gcc/pic32mx/3.4.4/../../../../pic32mx/lib\libc.a(default-general-exception-handler.o)
 .pdr           0x00000000       0x20 C:/Embedded/Microchip/MPLAB C32 Suite/bin/../lib/gcc/pic32mx/3.4.4/../../../../pic32mx/lib\libc.a(default-general-exception-handler.o)
 .text          0x00000000        0x0 C:/Embedded/Microchip/MPLAB C32 Suite/bin/../lib/gcc/pic32mx/3.4.4/../../../../pic32mx/lib\libc.a(default-bootstrap-exception-handler.o)
 .data          0x00000000        0x0 C:/Embedded/Microchip/MPLAB C32 Suite/bin/../lib/gcc/pic32mx/3.4.4/../../../../pic32mx/lib\libc.a(default-bootstrap-exception-handler.o)
 .bss           0x00000000        0x0 C:/Embedded/Microchip/MPLAB C32 Suite/bin/../lib/gcc/pic32mx/3.4.4/../../../../pic32mx/lib\libc.a(default-bootstrap-exception-handler.o)
 .reginfo       0x00000000       0x18 C:/Embedded/Microchip/MPLAB C32 Suite/bin/../lib/gcc/pic32mx/3.4.4/../../../../pic32mx/lib\libc.a(default-bootstrap-exception-handler.o)
 .pdr           0x00000000       0x20 C:/Embedded/Microchip/MPLAB C32 Suite/bin/../lib/gcc/pic32mx/3.4.4/../../../../pic32mx/lib\libc.a(default-bootstrap-exception-handler.o)
 .text          0x00000000        0x0 C:/Embedded/Microchip/MPLAB C32 Suite/bin/../lib/gcc/pic32mx/3.4.4/../../../../pic32mx/lib\libc.a(default-on-reset.o)
 .data          0x00000000        0x0 C:/Embedded/Microchip/MPLAB C32 Suite/bin/../lib/gcc/pic32mx/3.4.4/../../../../pic32mx/lib\libc.a(default-on-reset.o)
 .bss           0x00000000        0x0 C:/Embedded/Microchip/MPLAB C32 Suite/bin/../lib/gcc/pic32mx/3.4.4/../../../../pic32mx/lib\libc.a(default-on-reset.o)
 .reginfo       0x00000000       0x18 C:/Embedded/Microchip/MPLAB C32 Suite/bin/../lib/gcc/pic32mx/3.4.4/../../../../pic32mx/lib\libc.a(default-on-reset.o)
 .pdr           0x00000000       0x20 C:/Embedded/Microchip/MPLAB C32 Suite/bin/../lib/gcc/pic32mx/3.4.4/../../../../pic32mx/lib\libc.a(default-on-reset.o)
 .text          0x00000000        0x0 C:/Embedded/Microchip/MPLAB C32 Suite/bin/../lib/gcc/pic32mx/3.4.4/../../../../pic32mx/lib\libc.a(default-on-bootstrap.o)
 .data          0x00000000        0x0 C:/Embedded/Microchip/MPLAB C32 Suite/bin/../lib/gcc/pic32mx/3.4.4/../../../../pic32mx/lib\libc.a(default-on-bootstrap.o)
 .bss           0x00000000        0x0 C:/Embedded/Microchip/MPLAB C32 Suite/bin/../lib/gcc/pic32mx/3.4.4/../../../../pic32mx/lib\libc.a(default-on-bootstrap.o)
 .reginfo       0x00000000       0x18 C:/Embedded/Microchip/MPLAB C32 Suite/bin/../lib/gcc/pic32mx/3.4.4/../../../../pic32mx/lib\libc.a(default-on-bootstrap.o)
 .pdr           0x00000000       0x20 C:/Embedded/Microchip/MPLAB C32 Suite/bin/../lib/gcc/pic32mx/3.4.4/../../../../pic32mx/lib\libc.a(default-on-bootstrap.o)
 .data          0x00000000        0x0 C:/Embedded/Microchip/MPLAB C32 Suite/bin/../lib/gcc/pic32mx/3.4.4/../../../../pic32mx/lib\libc.a(default-nmi-handler.o)
 .bss           0x00000000        0x0 C:/Embedded/Microchip/MPLAB C32 Suite/bin/../lib/gcc/pic32mx/3.4.4/../../../../pic32mx/lib\libc.a(default-nmi-handler.o)
 .reginfo       0x00000000       0x18 C:/Embedded/Microchip/MPLAB C32 Suite/bin/../lib/gcc/pic32mx/3.4.4/../../../../pic32mx/lib\libc.a(default-nmi-handler.o)
 .pdr           0x00000000       0x20 C:/Embedded/Microchip/MPLAB C32 Suite/bin/../lib/gcc/pic32mx/3.4.4/../../../../pic32mx/lib\libc.a(default-nmi-handler.o)
 .text          0x00000000        0x0 C:/Embedded/Microchip/MPLAB C32 Suite/bin/../lib/gcc/pic32mx/3.4.4/../../../../pic32mx/lib\libmchp_peripheral_32MX695F512H.a(soft_reset_lib.o)
 .data          0x00000000        0x0 C:/Embedded/Microchip/MPLAB C32 Suite/bin/../lib/gcc/pic32mx/3.4.4/../../../../pic32mx/lib\libmchp_peripheral_32MX695F512H.a(soft_reset_lib.o)
 .bss           0x00000000        0x0 C:/Embedded/Microchip/MPLAB C32 Suite/bin/../lib/gcc/pic32mx/3.4.4/../../../../pic32mx/lib\libmchp_peripheral_32MX695F512H.a(soft_reset_lib.o)
 .reginfo       0x00000000       0x18 C:/Embedded/Microchip/MPLAB C32 Suite/bin/../lib/gcc/pic32mx/3.4.4/../../../../pic32mx/lib\libmchp_peripheral_32MX695F512H.a(soft_reset_lib.o)
 .pdr           0x00000000       0x20 C:/Embedded/Microchip/MPLAB C32 Suite/bin/../lib/gcc/pic32mx/3.4.4/../../../../pic32mx/lib\libmchp_peripheral_32MX695F512H.a(soft_reset_lib.o)
 .text          0x00000000        0x0 C:/Embedded/Microchip/MPLAB C32 Suite/bin/../lib/gcc/pic32mx/3.4.4/../../../../pic32mx/lib\libmchp_peripheral_32MX695F512H.a(int_disable_interrupts_lib.o)
 .data          0x00000000        0x0 C:/Embedded/Microchip/MPLAB C32 Suite/bin/../lib/gcc/pic32mx/3.4.4/../../../../pic32mx/lib\libmchp_peripheral_32MX695F512H.a(int_disable_interrupts_lib.o)
 .bss           0x00000000        0x0 C:/Embedded/Microchip/MPLAB C32 Suite/bin/../lib/gcc/pic32mx/3.4.4/../../../../pic32mx/lib\libmchp_peripheral_32MX695F512H.a(int_disable_interrupts_lib.o)
 .reginfo       0x00000000       0x18 C:/Embedded/Microchip/MPLAB C32 Suite/bin/../lib/gcc/pic32mx/3.4.4/../../../../pic32mx/lib\libmchp_peripheral_32MX695F512H.a(int_disable_interrupts_lib.o)
 .pdr           0x00000000       0x20 C:/Embedded/Microchip/MPLAB C32 Suite/bin/../lib/gcc/pic32mx/3.4.4/../../../../pic32mx/lib\libmchp_peripheral_32MX695F512H.a(int_disable_interrupts_lib.o)
 .text          0x00000000        0x0 C:/Embedded/Microchip/MPLAB C32 Suite/bin/../lib/gcc/pic32mx/3.4.4/../../../../pic32mx/lib\libmchp_peripheral_32MX695F512H.a(nvm_erase_page_lib.o)
 .data          0x00000000        0x0 C:/Embedded/Microchip/MPLAB C32 Suite/bin/../lib/gcc/pic32mx/3.4.4/../../../../pic32mx/lib\libmchp_peripheral_32MX695F512H.a(nvm_erase_page_lib.o)
 .bss           0x00000000        0x0 C:/Embedded/Microchip/MPLAB C32 Suite/bin/../lib/gcc/pic32mx/3.4.4/../../../../pic32mx/lib\libmchp_peripheral_32MX695F512H.a(nvm_erase_page_lib.o)
 .reginfo       0x00000000       0x18 C:/Embedded/Microchip/MPLAB C32 Suite/bin/../lib/gcc/pic32mx/3.4.4/../../../../pic32mx/lib\libmchp_peripheral_32MX695F512H.a(nvm_erase_page_lib.o)
 .pdr           0x00000000       0x20 C:/Embedded/Microchip/MPLAB C32 Suite/bin/../lib/gcc/pic32mx/3.4.4/../../../../pic32mx/lib\libmchp_peripheral_32MX695F512H.a(nvm_erase_page_lib.o)
 .text          0x00000000        0x0 C:/Embedded/Microchip/MPLAB C32 Suite/bin/../lib/gcc/pic32mx/3.4.4/../../../../pic32mx/lib\libmchp_peripheral_32MX695F512H.a(nvm_operation_lib.o)
 .data          0x00000000        0x0 C:/Embedded/Microchip/MPLAB C32 Suite/bin/../lib/gcc/pic32mx/3.4.4/../../../../pic32mx/lib\libmchp_peripheral_32MX695F512H.a(nvm_operation_lib.o)
 .bss           0x00000000        0x0 C:/Embedded/Microchip/MPLAB C32 Suite/bin/../lib/gcc/pic32mx/3.4.4/../../../../pic32mx/lib\libmchp_peripheral_32MX695F512H.a(nvm_operation_lib.o)
 .reginfo       0x00000000       0x18 C:/Embedded/Microchip/MPLAB C32 Suite/bin/../lib/gcc/pic32mx/3.4.4/../../../../pic32mx/lib\libmchp_peripheral_32MX695F512H.a(nvm_operation_lib.o)
 .pdr           0x00000000       0x20 C:/Embedded/Microchip/MPLAB C32 Suite/bin/../lib/gcc/pic32mx/3.4.4/../../../../pic32mx/lib\libmchp_peripheral_32MX695F512H.a(nvm_operation_lib.o)
 .text          0x00000000        0x0 C:/Embedded/Microchip/MPLAB C32 Suite/bin/../lib/gcc/pic32mx/3.4.4/../../../../pic32mx/lib\libmchp_peripheral_32MX695F512H.a(nvm_write_word_lib.o)
 .data          0x00000000        0x0 C:/Embedded/Microchip/MPLAB C32 Suite/bin/../lib/gcc/pic32mx/3.4.4/../../../../pic32mx/lib\libmchp_peripheral_32MX695F512H.a(nvm_write_word_lib.o)
 .bss           0x00000000        0x0 C:/Embedded/Microchip/MPLAB C32 Suite/bin/../lib/gcc/pic32mx/3.4.4/../../../../pic32mx/lib\libmchp_peripheral_32MX695F512H.a(nvm_write_word_lib.o)
 .reginfo       0x00000000       0x18 C:/Embedded/Microchip/MPLAB C32 Suite/bin/../lib/gcc/pic32mx/3.4.4/../../../../pic32mx/lib\libmchp_peripheral_32MX695F512H.a(nvm_write_word_lib.o)
 .pdr           0x00000000       0x20 C:/Embedded/Microchip/MPLAB C32 Suite/bin/../lib/gcc/pic32mx/3.4.4/../../../../pic32mx/lib\libmchp_peripheral_32MX695F512H.a(nvm_write_word_lib.o)
 .text          0x00000000        0x0 C:/Embedded/Microchip/MPLAB C32 Suite/bin/../lib/gcc/pic32mx/3.4.4/../../../../pic32mx/lib\libmchp_peripheral_32MX695F512H.a(int_restore_interrupts_lib.o)
 .data          0x00000000        0x0 C:/Embedded/Microchip/MPLAB C32 Suite/bin/../lib/gcc/pic32mx/3.4.4/../../../../pic32mx/lib\libmchp_peripheral_32MX695F512H.a(int_restore_interrupts_lib.o)
 .bss           0x00000000        0x0 C:/Embedded/Microchip/MPLAB C32 Suite/bin/../lib/gcc/pic32mx/3.4.4/../../../../pic32mx/lib\libmchp_peripheral_32MX695F512H.a(int_restore_interrupts_lib.o)
 .reginfo       0x00000000       0x18 C:/Embedded/Microchip/MPLAB C32 Suite/bin/../lib/gcc/pic32mx/3.4.4/../../../../pic32mx/lib\libmchp_peripheral_32MX695F512H.a(int_restore_interrupts_lib.o)
 .pdr           0x00000000       0x20 C:/Embedded/Microchip/MPLAB C32 Suite/bin/../lib/gcc/pic32mx/3.4.4/../../../../pic32mx/lib\libmchp_peripheral_32MX695F512H.a(int_restore_interrupts_lib.o)
 .text          0x00000000        0x0 C:/Embedded/Microchip/MPLAB C32 Suite/bin/../lib/gcc/pic32mx/3.4.4/../../../../pic32mx/lib/./proc/32MX695F512H\processor.o
 .data          0x00000000        0x0 C:/Embedded/Microchip/MPLAB C32 Suite/bin/../lib/gcc/pic32mx/3.4.4/../../../../pic32mx/lib/./proc/32MX695F512H\processor.o
 .bss           0x00000000        0x0 C:/Embedded/Microchip/MPLAB C32 Suite/bin/../lib/gcc/pic32mx/3.4.4/../../../../pic32mx/lib/./proc/32MX695F512H\processor.o
 .reginfo       0x00000000       0x18 C:/Embedded/Microchip/MPLAB C32 Suite/bin/../lib/gcc/pic32mx/3.4.4/../../../../pic32mx/lib/./proc/32MX695F512H\processor.o
 .pdr           0x00000000        0x0 C:/Embedded/Microchip/MPLAB C32 Suite/bin/../lib/gcc/pic32mx/3.4.4/../../../../pic32mx/lib/./proc/32MX695F512H\processor.o

Memory Configuration

Name             Origin             Length             Attributes
kseg0_program_mem 0x9d002000         0x0007d000         xr
kseg0_boot_mem   0x9d001490         0x00000970
exception_mem    0x9d000000         0x00001000
kseg1_boot_mem   0xbfc00000         0x00000490
debug_exec_mem   0xbfc02000         0x00000ff0
config3          0xbfc02ff0         0x00000004
config2          0xbfc02ff4         0x00000004
config1          0xbfc02ff8         0x00000004
config0          0xbfc02ffc         0x00000004
boot_software_key 0xa0000000         0x00000004
kseg1_data_mem   0xa0000004         0x00007ffc         w !x
sfrs             0xbf800000         0x00100000
*default*        0x00000000         0xffffffff

Linker script and memory map

LOAD C:/Embedded/Microchip/MPLAB C32 Suite/bin/../lib/gcc/pic32mx/3.4.4/../../../../pic32mx/lib/crt0.o
LOAD Output\usb_descriptors.o
LOAD Output\main.o
LOAD Output\usb_device.o
LOAD Output\usb_function_hid.o
                0x00000001                __MPLAB_BUILD = 0x1
LOAD C:/Embedded/Microchip/MPLAB C32 Suite/bin/../lib/gcc/pic32mx/3.4.4\libgcc.a
START GROUP
LOAD C:/Embedded/Microchip/MPLAB C32 Suite/bin/../lib/gcc/pic32mx/3.4.4/../../../../pic32mx/lib\libdebug.a
LOAD C:/Embedded/Microchip/MPLAB C32 Suite/bin/../lib/gcc/pic32mx/3.4.4/../../../../pic32mx/lib\libc.a
LOAD C:/Embedded/Microchip/MPLAB C32 Suite/bin/../lib/gcc/pic32mx/3.4.4/../../../../pic32mx/lib\libm.a
LOAD C:/Embedded/Microchip/MPLAB C32 Suite/bin/../lib/gcc/pic32mx/3.4.4/../../../../pic32mx/lib\libe.a
LOAD C:/Embedded/Microchip/MPLAB C32 Suite/bin/../lib/gcc/pic32mx/3.4.4/../../../../pic32mx/lib\libdsp.a
LOAD C:/Embedded/Microchip/MPLAB C32 Suite/bin/../lib/gcc/pic32mx/3.4.4/../../../../pic32mx/lib\libmchp_peripheral.a
LOAD C:/Embedded/Microchip/MPLAB C32 Suite/bin/../lib/gcc/pic32mx/3.4.4/../../../../pic32mx/lib\libmchp_peripheral_32MX695F512H.a
END GROUP
LOAD C:/Embedded/Microchip/MPLAB C32 Suite/bin/../lib/gcc/pic32mx/3.4.4\libgcc.a
                0x00000400                PROVIDE (_min_stack_size, 0x400)
                0x00000000                PROVIDE (_min_heap_size, 0x0)
LOAD C:/Embedded/Microchip/MPLAB C32 Suite/bin/../lib/gcc/pic32mx/3.4.4/../../../../pic32mx/lib/./proc/32MX695F512H\processor.o
                0x00000001                PROVIDE (_vector_spacing, 0x1)
                0x9d000000                _ebase_address = 0x9d000000
                0xbfc00000                _RESET_ADDR = 0xbfc00000
                0xbfc00380                _BEV_EXCPT_ADDR = 0xbfc00380
                0xbfc00480                _DBG_EXCPT_ADDR = 0xbfc00480
                0xbfc02000                _DBG_CODE_ADDR = 0xbfc02000
                0x9d000180                _GEN_EXCPT_ADDR = (_ebase_address + 0x180)

.boot_software_key_sec
                0xa0000000        0x4
 *(.boot_software_key_sec)
 .boot_software_key_sec
                0xa0000000        0x4 Output\main.o
                0xa0000000                SoftwareKey

.config_BFC02FF0
 *(.config_BFC02FF0)

.config_BFC02FF4
                0xbfc02ff4        0x4
 *(.config_BFC02FF4)
 .config_BFC02FF4
                0xbfc02ff4        0x4 Output\main.o

.config_BFC02FF8
                0xbfc02ff8        0x4
 *(.config_BFC02FF8)
 .config_BFC02FF8
                0xbfc02ff8        0x4 Output\main.o

.config_BFC02FFC
                0xbfc02ffc        0x4
 *(.config_BFC02FFC)
 .config_BFC02FFC
                0xbfc02ffc        0x4 Output\main.o

.reset          0xbfc00000       0x10
 *(.reset)
 .reset         0xbfc00000       0x10 C:/Embedded/Microchip/MPLAB C32 Suite/bin/../lib/gcc/pic32mx/3.4.4/../../../../pic32mx/lib/crt0.o
                0xbfc00000                _reset

.bev_excpt      0xbfc00380       0x10
 *(.bev_handler)
 .bev_handler   0xbfc00380       0x10 C:/Embedded/Microchip/MPLAB C32 Suite/bin/../lib/gcc/pic32mx/3.4.4/../../../../pic32mx/lib/crt0.o

.dbg_excpt      0xbfc00480        0x0
                0xbfc00480                . = (. + DEFINED (_DEBUGGER)?0x8:0x0)

.dbg_code       0xbfc02000        0x0
                0xbfc02000                . = (. + DEFINED (_DEBUGGER)?0xff0:0x0)

.app_excpt      0x9d000180       0x10
 *(.gen_handler)
 .gen_handler   0x9d000180       0x10 C:/Embedded/Microchip/MPLAB C32 Suite/bin/../lib/gcc/pic32mx/3.4.4/../../../../pic32mx/lib/crt0.o

.vector_0       0x9d000200        0x0
 *(.vector_0)
                0x00000001                ASSERT (((_vector_spacing == 0x0) || (SIZEOF (.vector_0) <= (_vector_spacing << 0x5))), function at exception vector 0 too large)

.vector_1       0x9d000220        0x0
 *(.vector_1)
                0x00000001                ASSERT (((_vector_spacing == 0x0) || (SIZEOF (.vector_1) <= (_vector_spacing << 0x5))), function at exception vector 1 too large)

.vector_2       0x9d000240        0x0
 *(.vector_2)
                0x00000001                ASSERT (((_vector_spacing == 0x0) || (SIZEOF (.vector_2) <= (_vector_spacing << 0x5))), function at exception vector 2 too large)

.vector_3       0x9d000260        0x0
 *(.vector_3)
                0x00000001                ASSERT (((_vector_spacing == 0x0) || (SIZEOF (.vector_3) <= (_vector_spacing << 0x5))), function at exception vector 3 too large)

.vector_4       0x9d000280        0x0
 *(.vector_4)
                0x00000001                ASSERT (((_vector_spacing == 0x0) || (SIZEOF (.vector_4) <= (_vector_spacing << 0x5))), function at exception vector 4 too large)

.vector_5       0x9d0002a0        0x0
 *(.vector_5)
                0x00000001                ASSERT (((_vector_spacing == 0x0) || (SIZEOF (.vector_5) <= (_vector_spacing << 0x5))), function at exception vector 5 too large)

.vector_6       0x9d0002c0        0x0
 *(.vector_6)
                0x00000001                ASSERT (((_vector_spacing == 0x0) || (SIZEOF (.vector_6) <= (_vector_spacing << 0x5))), function at exception vector 6 too large)

.vector_7       0x9d0002e0        0x0
 *(.vector_7)
                0x00000001                ASSERT (((_vector_spacing == 0x0) || (SIZEOF (.vector_7) <= (_vector_spacing << 0x5))), function at exception vector 7 too large)

.vector_8       0x9d000300        0x0
 *(.vector_8)
                0x00000001                ASSERT (((_vector_spacing == 0x0) || (SIZEOF (.vector_8) <= (_vector_spacing << 0x5))), function at exception vector 8 too large)

.vector_9       0x9d000320        0x0
 *(.vector_9)
                0x00000001                ASSERT (((_vector_spacing == 0x0) || (SIZEOF (.vector_9) <= (_vector_spacing << 0x5))), function at exception vector 9 too large)

.vector_10      0x9d000340        0x0
 *(.vector_10)
                0x00000001                ASSERT (((_vector_spacing == 0x0) || (SIZEOF (.vector_10) <= (_vector_spacing << 0x5))), function at exception vector 10 too large)

.vector_11      0x9d000360        0x0
 *(.vector_11)
                0x00000001                ASSERT (((_vector_spacing == 0x0) || (SIZEOF (.vector_11) <= (_vector_spacing << 0x5))), function at exception vector 11 too large)

.vector_12      0x9d000380        0x0
 *(.vector_12)
                0x00000001                ASSERT (((_vector_spacing == 0x0) || (SIZEOF (.vector_12) <= (_vector_spacing << 0x5))), function at exception vector 12 too large)

.vector_13      0x9d0003a0        0x0
 *(.vector_13)
                0x00000001                ASSERT (((_vector_spacing == 0x0) || (SIZEOF (.vector_13) <= (_vector_spacing << 0x5))), function at exception vector 13 too large)

.vector_14      0x9d0003c0        0x0
 *(.vector_14)
                0x00000001                ASSERT (((_vector_spacing == 0x0) || (SIZEOF (.vector_14) <= (_vector_spacing << 0x5))), function at exception vector 14 too large)

.vector_15      0x9d0003e0        0x0
 *(.vector_15)
                0x00000001                ASSERT (((_vector_spacing == 0x0) || (SIZEOF (.vector_15) <= (_vector_spacing << 0x5))), function at exception vector 15 too large)

.vector_16      0x9d000400        0x0
 *(.vector_16)
                0x00000001                ASSERT (((_vector_spacing == 0x0) || (SIZEOF (.vector_16) <= (_vector_spacing << 0x5))), function at exception vector 16 too large)

.vector_17      0x9d000420        0x0
 *(.vector_17)
                0x00000001                ASSERT (((_vector_spacing == 0x0) || (SIZEOF (.vector_17) <= (_vector_spacing << 0x5))), function at exception vector 17 too large)

.vector_18      0x9d000440        0x0
 *(.vector_18)
                0x00000001                ASSERT (((_vector_spacing == 0x0) || (SIZEOF (.vector_18) <= (_vector_spacing << 0x5))), function at exception vector 18 too large)

.vector_19      0x9d000460        0x0
 *(.vector_19)
                0x00000001                ASSERT (((_vector_spacing == 0x0) || (SIZEOF (.vector_19) <= (_vector_spacing << 0x5))), function at exception vector 19 too large)

.vector_20      0x9d000480        0x0
 *(.vector_20)
                0x00000001                ASSERT (((_vector_spacing == 0x0) || (SIZEOF (.vector_20) <= (_vector_spacing << 0x5))), function at exception vector 20 too large)

.vector_21      0x9d0004a0        0x0
 *(.vector_21)
                0x00000001                ASSERT (((_vector_spacing == 0x0) || (SIZEOF (.vector_21) <= (_vector_spacing << 0x5))), function at exception vector 21 too large)

.vector_22      0x9d0004c0        0x0
 *(.vector_22)
                0x00000001                ASSERT (((_vector_spacing == 0x0) || (SIZEOF (.vector_22) <= (_vector_spacing << 0x5))), function at exception vector 22 too large)

.vector_23      0x9d0004e0        0x0
 *(.vector_23)
                0x00000001                ASSERT (((_vector_spacing == 0x0) || (SIZEOF (.vector_23) <= (_vector_spacing << 0x5))), function at exception vector 23 too large)

.vector_24      0x9d000500        0x0
 *(.vector_24)
                0x00000001                ASSERT (((_vector_spacing == 0x0) || (SIZEOF (.vector_24) <= (_vector_spacing << 0x5))), function at exception vector 24 too large)

.vector_25      0x9d000520        0x0
 *(.vector_25)
                0x00000001                ASSERT (((_vector_spacing == 0x0) || (SIZEOF (.vector_25) <= (_vector_spacing << 0x5))), function at exception vector 25 too large)

.vector_26      0x9d000540        0x0
 *(.vector_26)
                0x00000001                ASSERT (((_vector_spacing == 0x0) || (SIZEOF (.vector_26) <= (_vector_spacing << 0x5))), function at exception vector 26 too large)

.vector_27      0x9d000560        0x0
 *(.vector_27)
                0x00000001                ASSERT (((_vector_spacing == 0x0) || (SIZEOF (.vector_27) <= (_vector_spacing << 0x5))), function at exception vector 27 too large)

.vector_28      0x9d000580        0x0
 *(.vector_28)
                0x00000001                ASSERT (((_vector_spacing == 0x0) || (SIZEOF (.vector_28) <= (_vector_spacing << 0x5))), function at exception vector 28 too large)

.vector_29      0x9d0005a0        0x0
 *(.vector_29)
                0x00000001                ASSERT (((_vector_spacing == 0x0) || (SIZEOF (.vector_29) <= (_vector_spacing << 0x5))), function at exception vector 29 too large)

.vector_30      0x9d0005c0        0x0
 *(.vector_30)
                0x00000001                ASSERT (((_vector_spacing == 0x0) || (SIZEOF (.vector_30) <= (_vector_spacing << 0x5))), function at exception vector 30 too large)

.vector_31      0x9d0005e0        0x0
 *(.vector_31)
                0x00000001                ASSERT (((_vector_spacing == 0x0) || (SIZEOF (.vector_31) <= (_vector_spacing << 0x5))), function at exception vector 31 too large)

.vector_32      0x9d000600        0x0
 *(.vector_32)
                0x00000001                ASSERT (((_vector_spacing == 0x0) || (SIZEOF (.vector_32) <= (_vector_spacing << 0x5))), function at exception vector 32 too large)

.vector_33      0x9d000620        0x0
 *(.vector_33)
                0x00000001                ASSERT (((_vector_spacing == 0x0) || (SIZEOF (.vector_33) <= (_vector_spacing << 0x5))), function at exception vector 33 too large)

.vector_34      0x9d000640        0x0
 *(.vector_34)
                0x00000001                ASSERT (((_vector_spacing == 0x0) || (SIZEOF (.vector_34) <= (_vector_spacing << 0x5))), function at exception vector 34 too large)

.vector_35      0x9d000660        0x0
 *(.vector_35)
                0x00000001                ASSERT (((_vector_spacing == 0x0) || (SIZEOF (.vector_35) <= (_vector_spacing << 0x5))), function at exception vector 35 too large)

.vector_36      0x9d000680        0x0
 *(.vector_36)
                0x00000001                ASSERT (((_vector_spacing == 0x0) || (SIZEOF (.vector_36) <= (_vector_spacing << 0x5))), function at exception vector 36 too large)

.vector_37      0x9d0006a0        0x0
 *(.vector_37)
                0x00000001                ASSERT (((_vector_spacing == 0x0) || (SIZEOF (.vector_37) <= (_vector_spacing << 0x5))), function at exception vector 37 too large)

.vector_38      0x9d0006c0        0x0
 *(.vector_38)
                0x00000001                ASSERT (((_vector_spacing == 0x0) || (SIZEOF (.vector_38) <= (_vector_spacing << 0x5))), function at exception vector 38 too large)

.vector_39      0x9d0006e0        0x0
 *(.vector_39)
                0x00000001                ASSERT (((_vector_spacing == 0x0) || (SIZEOF (.vector_39) <= (_vector_spacing << 0x5))), function at exception vector 39 too large)

.vector_40      0x9d000700        0x0
 *(.vector_40)
                0x00000001                ASSERT (((_vector_spacing == 0x0) || (SIZEOF (.vector_40) <= (_vector_spacing << 0x5))), function at exception vector 40 too large)

.vector_41      0x9d000720        0x0
 *(.vector_41)
                0x00000001                ASSERT (((_vector_spacing == 0x0) || (SIZEOF (.vector_41) <= (_vector_spacing << 0x5))), function at exception vector 41 too large)

.vector_42      0x9d000740        0x0
 *(.vector_42)
                0x00000001                ASSERT (((_vector_spacing == 0x0) || (SIZEOF (.vector_42) <= (_vector_spacing << 0x5))), function at exception vector 42 too large)

.vector_43      0x9d000760        0x0
 *(.vector_43)
                0x00000001                ASSERT (((_vector_spacing == 0x0) || (SIZEOF (.vector_43) <= (_vector_spacing << 0x5))), function at exception vector 43 too large)

.vector_44      0x9d000780        0x0
 *(.vector_44)
                0x00000001                ASSERT (((_vector_spacing == 0x0) || (SIZEOF (.vector_44) <= (_vector_spacing << 0x5))), function at exception vector 44 too large)

.vector_45      0x9d0007a0        0x0
 *(.vector_45)
                0x00000001                ASSERT (((_vector_spacing == 0x0) || (SIZEOF (.vector_45) <= (_vector_spacing << 0x5))), function at exception vector 45 too large)

.vector_46      0x9d0007c0        0x0
 *(.vector_46)
                0x00000001                ASSERT (((_vector_spacing == 0x0) || (SIZEOF (.vector_46) <= (_vector_spacing << 0x5))), function at exception vector 46 too large)

.vector_47      0x9d0007e0        0x0
 *(.vector_47)
                0x00000001                ASSERT (((_vector_spacing == 0x0) || (SIZEOF (.vector_47) <= (_vector_spacing << 0x5))), function at exception vector 47 too large)

.vector_48      0x9d000800        0x0
 *(.vector_48)
                0x00000001                ASSERT (((_vector_spacing == 0x0) || (SIZEOF (.vector_48) <= (_vector_spacing << 0x5))), function at exception vector 48 too large)

.vector_49      0x9d000820        0x0
 *(.vector_49)
                0x00000001                ASSERT (((_vector_spacing == 0x0) || (SIZEOF (.vector_49) <= (_vector_spacing << 0x5))), function at exception vector 49 too large)

.vector_50      0x9d000840        0x0
 *(.vector_50)
                0x00000001                ASSERT (((_vector_spacing == 0x0) || (SIZEOF (.vector_50) <= (_vector_spacing << 0x5))), function at exception vector 50 too large)

.vector_51      0x9d000860        0x0
 *(.vector_51)
                0x00000001                ASSERT (((_vector_spacing == 0x0) || (SIZEOF (.vector_51) <= (_vector_spacing << 0x5))), function at exception vector 51 too large)

.vector_52      0x9d000880        0x0
 *(.vector_52)
                0x00000001                ASSERT (((_vector_spacing == 0x0) || (SIZEOF (.vector_52) <= (_vector_spacing << 0x5))), function at exception vector 52 too large)

.vector_53      0x9d0008a0        0x0
 *(.vector_53)
                0x00000001                ASSERT (((_vector_spacing == 0x0) || (SIZEOF (.vector_53) <= (_vector_spacing << 0x5))), function at exception vector 53 too large)

.vector_54      0x9d0008c0        0x0
 *(.vector_54)
                0x00000001                ASSERT (((_vector_spacing == 0x0) || (SIZEOF (.vector_54) <= (_vector_spacing << 0x5))), function at exception vector 54 too large)

.vector_55      0x9d0008e0        0x0
 *(.vector_55)
                0x00000001                ASSERT (((_vector_spacing == 0x0) || (SIZEOF (.vector_55) <= (_vector_spacing << 0x5))), function at exception vector 55 too large)

.vector_56      0x9d000900        0x0
 *(.vector_56)
                0x00000001                ASSERT (((_vector_spacing == 0x0) || (SIZEOF (.vector_56) <= (_vector_spacing << 0x5))), function at exception vector 56 too large)

.vector_57      0x9d000920        0x0
 *(.vector_57)
                0x00000001                ASSERT (((_vector_spacing == 0x0) || (SIZEOF (.vector_57) <= (_vector_spacing << 0x5))), function at exception vector 57 too large)

.vector_58      0x9d000940        0x0
 *(.vector_58)
                0x00000001                ASSERT (((_vector_spacing == 0x0) || (SIZEOF (.vector_58) <= (_vector_spacing << 0x5))), function at exception vector 58 too large)

.vector_59      0x9d000960        0x0
 *(.vector_59)
                0x00000001                ASSERT (((_vector_spacing == 0x0) || (SIZEOF (.vector_59) <= (_vector_spacing << 0x5))), function at exception vector 59 too large)

.vector_60      0x9d000980        0x0
 *(.vector_60)
                0x00000001                ASSERT (((_vector_spacing == 0x0) || (SIZEOF (.vector_60) <= (_vector_spacing << 0x5))), function at exception vector 60 too large)

.vector_61      0x9d0009a0        0x0
 *(.vector_61)
                0x00000001                ASSERT (((_vector_spacing == 0x0) || (SIZEOF (.vector_61) <= (_vector_spacing << 0x5))), function at exception vector 61 too large)

.vector_62      0x9d0009c0        0x0
 *(.vector_62)
                0x00000001                ASSERT (((_vector_spacing == 0x0) || (SIZEOF (.vector_62) <= (_vector_spacing << 0x5))), function at exception vector 62 too large)

.vector_63      0x9d0009e0        0x0
 *(.vector_63)
                0x00000001                ASSERT (((_vector_spacing == 0x0) || (SIZEOF (.vector_63) <= (_vector_spacing << 0x5))), function at exception vector 63 too large)

.startup        0x9d001490      0x1e0
 *(.startup)
 .startup       0x9d001490      0x1e0 C:/Embedded/Microchip/MPLAB C32 Suite/bin/../lib/gcc/pic32mx/3.4.4/../../../../pic32mx/lib/crt0.o

.text           0x9d002000     0x2d1c
                0x9d002000                _text_begin = .
 *(.text .stub .text.* .gnu.linkonce.t.*)
 .text          0x9d002000       0x10 C:/Embedded/Microchip/MPLAB C32 Suite/bin/../lib/gcc/pic32mx/3.4.4/../../../../pic32mx/lib/crt0.o
                0x9d002008                __crt0_exit
 .text          0x9d002010      0x9f8 Output\main.o
                0x9d002010                main
                0x9d0020e8                UserInit
                0x9d002180                ProcessIO
                0x9d0021d8                BlinkUSBStatus
                0x9d0023cc                BootApplication
                0x9d002848                WriteFlashSubBlock
                0x9d0028c0                ReadProgramMemory
                0x9d0028c8                USBCBSuspend
                0x9d0028d0                USBCBWakeFromSuspend
                0x9d0028d8                USBCB_SOF_Handler
                0x9d0028e0                USBCBErrorHandler
                0x9d0028e8                USBCBCheckOtherReq
                0x9d002904                USBCBStdSetDscHandler
                0x9d00290c                USBCBInitEP
                0x9d002948                USBCBSendResume
                0x9d002994                USER_USB_CALLBACK_EVENT_HANDLER
 .text          0x9d002a08     0x1e6c Output\usb_device.o
                0x9d002a08                USBDeviceInit
                0x9d002c58                USBDeviceTasks
                0x9d003a4c                USBCtrlEPAllowStatusStage
                0x9d003b64                USBCtrlEPAllowDataStage
                0x9d004520                USBEnableEndpoint
                0x9d00458c                USBStallEndpoint
                0x9d00467c                USBTransferOnePacket
                0x9d004784                USBCancelIO
 .text          0x9d004874      0x188 Output\usb_function_hid.o
                0x9d004874                USBCheckHIDRequest
 .text.general_exception
                0x9d0049fc       0xd0 C:/Embedded/Microchip/MPLAB C32 Suite/bin/../lib/gcc/pic32mx/3.4.4/../../../../pic32mx/lib\libc.a(general-exception.o)
                0x9d0049fc                _general_exception_context
 .text._general_exception_handler
                0x9d004acc        0x8 C:/Embedded/Microchip/MPLAB C32 Suite/bin/../lib/gcc/pic32mx/3.4.4/../../../../pic32mx/lib\libc.a(default-general-exception-handler.o)
                0x9d004acc                _general_exception_handler
 .text._bootstrap_exception_handler
                0x9d004ad4        0x8 C:/Embedded/Microchip/MPLAB C32 Suite/bin/../lib/gcc/pic32mx/3.4.4/../../../../pic32mx/lib\libc.a(default-bootstrap-exception-handler.o)
                0x9d004ad4                _bootstrap_exception_handler
 .text._on_reset
                0x9d004adc        0x8 C:/Embedded/Microchip/MPLAB C32 Suite/bin/../lib/gcc/pic32mx/3.4.4/../../../../pic32mx/lib\libc.a(default-on-reset.o)
                0x9d004adc                _on_reset
 .text._on_bootstrap
                0x9d004ae4        0x8 C:/Embedded/Microchip/MPLAB C32 Suite/bin/../lib/gcc/pic32mx/3.4.4/../../../../pic32mx/lib\libc.a(default-on-bootstrap.o)
                0x9d004ae4                _on_bootstrap
 .text          0x9d004aec       0x18 C:/Embedded/Microchip/MPLAB C32 Suite/bin/../lib/gcc/pic32mx/3.4.4/../../../../pic32mx/lib\libc.a(default-nmi-handler.o)
                0x9d004aec                _nmi_handler
 .text.SoftReset
                0x9d004b04       0x78 C:/Embedded/Microchip/MPLAB C32 Suite/bin/../lib/gcc/pic32mx/3.4.4/../../../../pic32mx/lib\libmchp_peripheral_32MX695F512H.a(soft_reset_lib.o)
                0x9d004b04                SoftReset
 .text.INTDisableInterrupts
                0x9d004b7c        0x8 C:/Embedded/Microchip/MPLAB C32 Suite/bin/../lib/gcc/pic32mx/3.4.4/../../../../pic32mx/lib\libmchp_peripheral_32MX695F512H.a(int_disable_interrupts_lib.o)
                0x9d004b7c                INTDisableInterrupts
 .text.NVMErasePage
                0x9d004b84       0x34 C:/Embedded/Microchip/MPLAB C32 Suite/bin/../lib/gcc/pic32mx/3.4.4/../../../../pic32mx/lib\libmchp_peripheral_32MX695F512H.a(nvm_erase_page_lib.o)
                0x9d004b84                NVMErasePage
 .text._NVMOperation
                0x9d004bb8      0x10c C:/Embedded/Microchip/MPLAB C32 Suite/bin/../lib/gcc/pic32mx/3.4.4/../../../../pic32mx/lib\libmchp_peripheral_32MX695F512H.a(nvm_operation_lib.o)
                0x9d004bb8                _NVMOperation
 .text.NVMWriteWord
                0x9d004cc4       0x3c C:/Embedded/Microchip/MPLAB C32 Suite/bin/../lib/gcc/pic32mx/3.4.4/../../../../pic32mx/lib\libmchp_peripheral_32MX695F512H.a(nvm_write_word_lib.o)
                0x9d004cc4                NVMWriteWord
 .text.INTRestoreInterrupts
                0x9d004d00       0x1c C:/Embedded/Microchip/MPLAB C32 Suite/bin/../lib/gcc/pic32mx/3.4.4/../../../../pic32mx/lib\libmchp_peripheral_32MX695F512H.a(int_restore_interrupts_lib.o)
                0x9d004d00                INTRestoreInterrupts
 *(.text.*personality*)
 *(.gnu.warning)
 *(.mips16.fn.*)
 *(.mips16.call.*)
                0x9d004d1c                _text_end = .

.rodata         0x9d004d1c      0x124
 *(.rodata .rodata.* .gnu.linkonce.r.*)
 .rodata        0x9d004d1c       0xd0 Output\usb_descriptors.o
                0x9d004d1c                device_dsc
                0x9d004d30                configDescriptor1
                0x9d004d5c                sd000
                0x9d004d60                sd001
                0x9d004d94                sd002
                0x9d004dbc                hid_rpt01
                0x9d004ddc                USB_CD_Ptr
                0x9d004de0                USB_SD_Ptr
 .rodata        0x9d004dec       0x24 Output\main.o
 .rodata        0x9d004e10       0x30 Output\usb_device.o
 *(.rodata1)
                0x9d004e40                . = ALIGN (0x4)

.sdata2         0x9d004e40        0x0
 *(.sdata2 .sdata2.* .gnu.linkonce.s2.*)
                0x9d004e40                . = ALIGN (0x4)

.sbss2          0x9d004e40        0x0
 *(.sbss2 .sbss2.* .gnu.linkonce.sb2.*)
                0x9d004e40                . = ALIGN (0x4)

.eh_frame_hdr
 *(.eh_frame_hdr)

.eh_frame
 *(.eh_frame)

.dbg_data       0xa0000004        0x0
                0xa0000004                . = (. + DEFINED (_DEBUGGER)?0x200:0x0)

.persist        0xa0000004        0x0
                0xa0000004                _persist_begin = .
 *(.persist .persist.*)
                0xa0000004                _persist_end = .

.data           0xa0000004        0x0 load address 0x9d004e40
                0xa0000004                _data_begin = .
 *(.data .data.* .gnu.linkonce.d.*)
 *(.gnu.linkonce.d.*personality*)
 *(.data1)
                0x9d004e40                _data_image_begin = LOADADDR (.data)

.eh_frame
 *(.eh_frame)
                0xa0000004                . = .
                0xa0008000                _gp = (ALIGN (0x10) + 0x7ff0)

.got
 *(.got.plt)
 *(.got)

.sdata          0xa0000004        0x4 load address 0x9d004e40
                0xa0000004                _sdata_begin = .
 *(.sdata .sdata.* .gnu.linkonce.s.*)
 .sdata         0xa0000004        0x4 Output\main.o
                0xa0000004                blinkStatusValid
                0xa0000008                _sdata_end = .

.lit8
 *(.lit8)

.lit4
 *(.lit4)
                0xa0000008                . = ALIGN (0x4)
                0xa0000008                _data_end = .
                0xa0000008                _bss_begin = .

.sbss           0xa0000008       0x88 load address 0x9d004e44
                0xa0000008                _sbss_begin = .
 *(.dynsbss)
 *(.sbss .sbss.* .gnu.linkonce.sb.*)
 .sbss          0xa0000008        0xc Output\main.o
                0xa0000008                USBOutHandle
                0xa000000c                USBInHandle
 *(.scommon)
 .scommon       0xa0000014       0x10 Output\main.o
                0xa0000014                BufferedDataIndex
                0xa0000015                MaxPageToErase
                0xa0000016                ErasePageTracker
                0xa0000018                ProgrammedPointer
                0xa000001c                BootState
                0xa000001d                ConfigsProtected
                0xa0000020                ProgramMemStopAddress
 .scommon       0xa0000024       0x6a Output\usb_device.o
                0xa0000024                ep_data_in
                0xa0000028                USBDeferStatusStagePacket
                0xa000002c                USTATcopy
                0xa0000030                CtrlTrfData
                0xa0000038                RemoteWakeup
                0xa000003c                controlTransferState
                0xa000003d                USBStatusStageTimeoutCounter
                0xa0000040                pDst
                0xa0000044                USBDeferINDataStagePackets
                0xa0000048                ep_data_out
                0xa000004c                SetupPkt
                0xa0000054                pBDTEntryEP0OutNext
                0xa0000058                USBAlternateInterface
                0xa000005c                USBStatusStageEnabledFlag2
                0xa0000060                BothEP0OutUOWNsSet
                0xa0000064                USBBusIsSuspended
                0xa0000068                USBDeferOUTDataStagePackets
                0xa000006c                pBDTEntryOut
                0xa0000074                USBActiveConfiguration
                0xa0000078                USBStatusStageEnabledFlag1
                0xa000007c                USBDeviceState
                0xa0000080                pBDTEntryIn
                0xa0000088                pBDTEntryEP0OutCurrent
                0xa000008c                shortPacketStatus
                0xa000008d                endpoint_number
 .scommon       0xa000008e        0x2 Output\usb_function_hid.o
                0xa000008e                active_protocol
                0xa000008f                idle_rate
                0xa0000090                _sbss_end = .

.bss            0xa0000200      0x440 load address 0x9d004e44
 *(.dynbss)
 *(.bss .bss.* .gnu.linkonce.b.*)
 *(COMMON)
 COMMON         0xa0000200      0x140 Output\main.o
                0xa0000200                PacketFromPCBuffer
                0xa0000240                PacketToPC
                0xa0000280                PacketFromPC
                0xa00002c0                ProgrammingBuffer
 *fill*         0xa0000340       0xc0 00
 COMMON         0xa0000400      0x240 Output\usb_device.o
                0xa0000400                inPipes
                0xa0000410                outPipes
                0xa000041c                hid_report_out
                0xa000045c                hid_report_in
                0xa0000600                BDT
                0xa0000640                . = ALIGN (0x4)
                0xa0000640                . = ALIGN (0x4)
                0xa0000640                _end = .
                0xa0000640                _bss_end = .

.heap           0xa0000640        0x0 load address 0x9d004e44
                0xa0000640                _heap = .
                0xa0000640                . = (. + _min_heap_size)
                0xa0000640                . = ALIGN (0x8)

.stack          0xa0000640      0x400 load address 0x9d004e44
                0xa0000640                _splim = .
                0xa0000640                _SPLIM = .
                0xa0000a40                . = (. + _min_stack_size)
 *fill*         0xa0000640      0x400 00
                0xa0000a40                . = ALIGN (0x8)

.ramfunc        0xa0001000        0x0 load address 0x9d004e44
                0xa0001000                _ramfunc_begin = .
 *(.ramfunc .ramfunc.*)
                0xa0001000                . = ALIGN (0x4)
                0xa0001000                _ramfunc_end = .
                0x9d004e44                _ramfunc_image_begin = LOADADDR (.ramfunc)
                0x00000000                _ramfunc_length = SIZEOF (.ramfunc)
                0x00000ffc                _bmxdkpba_address = (_ramfunc_begin - 0xa0000004)
                0x00007ffc                _bmxdudba_address = 0x7ffc
                0x00007ffc                _bmxdupba_address = 0x7ffc
                0xa0008000                _stack = (_ramfunc_length > 0x0)?(_ramfunc_begin - 0x8):0xa0008000
                0x00000001                ASSERT (((_min_stack_size + _min_heap_size) <= (_stack - _heap)), Not enough space to allocate both stack and heap.  Reduce heap and/or stack size.)

/DISCARD/
 *(.pdr)
 *(.reginfo)
 *(.rel.dyn)
 *(.note.GNU-stack)

.stab
 *(.stab)

.stabstr
 *(.stabstr)

.stab.excl
 *(.stab.excl)

.stab.exclstr
 *(.stab.exclstr)

.stab.index
 *(.stab.index)

.stab.indexstr
 *(.stab.indexstr)

.mdebug.abi32   0x00000000        0x0
 .mdebug.abi32  0x00000000        0x0 Output\usb_descriptors.o
 .mdebug.abi32  0x00000000        0x0 Output\main.o
 .mdebug.abi32  0x00000000        0x0 Output\usb_device.o
 .mdebug.abi32  0x00000000        0x0 Output\usb_function_hid.o
 .mdebug.abi32  0x00000000        0x0 C:/Embedded/Microchip/MPLAB C32 Suite/bin/../lib/gcc/pic32mx/3.4.4/../../../../pic32mx/lib\libc.a(default-general-exception-handler.o)
 .mdebug.abi32  0x00000000        0x0 C:/Embedded/Microchip/MPLAB C32 Suite/bin/../lib/gcc/pic32mx/3.4.4/../../../../pic32mx/lib\libc.a(default-bootstrap-exception-handler.o)
 .mdebug.abi32  0x00000000        0x0 C:/Embedded/Microchip/MPLAB C32 Suite/bin/../lib/gcc/pic32mx/3.4.4/../../../../pic32mx/lib\libc.a(default-on-reset.o)
 .mdebug.abi32  0x00000000        0x0 C:/Embedded/Microchip/MPLAB C32 Suite/bin/../lib/gcc/pic32mx/3.4.4/../../../../pic32mx/lib\libc.a(default-on-bootstrap.o)
 .mdebug.abi32  0x00000000        0x0 C:/Embedded/Microchip/MPLAB C32 Suite/bin/../lib/gcc/pic32mx/3.4.4/../../../../pic32mx/lib\libmchp_peripheral_32MX695F512H.a(soft_reset_lib.o)
 .mdebug.abi32  0x00000000        0x0 C:/Embedded/Microchip/MPLAB C32 Suite/bin/../lib/gcc/pic32mx/3.4.4/../../../../pic32mx/lib\libmchp_peripheral_32MX695F512H.a(int_disable_interrupts_lib.o)
 .mdebug.abi32  0x00000000        0x0 C:/Embedded/Microchip/MPLAB C32 Suite/bin/../lib/gcc/pic32mx/3.4.4/../../../../pic32mx/lib\libmchp_peripheral_32MX695F512H.a(nvm_erase_page_lib.o)
 .mdebug.abi32  0x00000000        0x0 C:/Embedded/Microchip/MPLAB C32 Suite/bin/../lib/gcc/pic32mx/3.4.4/../../../../pic32mx/lib\libmchp_peripheral_32MX695F512H.a(nvm_operation_lib.o)
 .mdebug.abi32  0x00000000        0x0 C:/Embedded/Microchip/MPLAB C32 Suite/bin/../lib/gcc/pic32mx/3.4.4/../../../../pic32mx/lib\libmchp_peripheral_32MX695F512H.a(nvm_write_word_lib.o)
 .mdebug.abi32  0x00000000        0x0 C:/Embedded/Microchip/MPLAB C32 Suite/bin/../lib/gcc/pic32mx/3.4.4/../../../../pic32mx/lib\libmchp_peripheral_32MX695F512H.a(int_restore_interrupts_lib.o)

.comment        0x00000000      0x436
 *(.comment)
 .comment       0x00000000       0x4d Output\usb_descriptors.o
 .comment       0x0000004d       0x4d Output\main.o
 .comment       0x0000009a       0x4d Output\usb_device.o
 .comment       0x000000e7       0x4d Output\usb_function_hid.o
 .comment       0x00000134       0x4d C:/Embedded/Microchip/MPLAB C32 Suite/bin/../lib/gcc/pic32mx/3.4.4/../../../../pic32mx/lib\libc.a(default-general-exception-handler.o)
 .comment       0x00000181       0x4d C:/Embedded/Microchip/MPLAB C32 Suite/bin/../lib/gcc/pic32mx/3.4.4/../../../../pic32mx/lib\libc.a(default-bootstrap-exception-handler.o)
 .comment       0x000001ce       0x4d C:/Embedded/Microchip/MPLAB C32 Suite/bin/../lib/gcc/pic32mx/3.4.4/../../../../pic32mx/lib\libc.a(default-on-reset.o)
 .comment       0x0000021b       0x4d C:/Embedded/Microchip/MPLAB C32 Suite/bin/../lib/gcc/pic32mx/3.4.4/../../../../pic32mx/lib\libc.a(default-on-bootstrap.o)
 .comment       0x00000268       0x4d C:/Embedded/Microchip/MPLAB C32 Suite/bin/../lib/gcc/pic32mx/3.4.4/../../../../pic32mx/lib\libmchp_peripheral_32MX695F512H.a(soft_reset_lib.o)
 .comment       0x000002b5       0x4d C:/Embedded/Microchip/MPLAB C32 Suite/bin/../lib/gcc/pic32mx/3.4.4/../../../../pic32mx/lib\libmchp_peripheral_32MX695F512H.a(int_disable_interrupts_lib.o)
 .comment       0x00000302       0x4d C:/Embedded/Microchip/MPLAB C32 Suite/bin/../lib/gcc/pic32mx/3.4.4/../../../../pic32mx/lib\libmchp_peripheral_32MX695F512H.a(nvm_erase_page_lib.o)
 .comment       0x0000034f       0x4d C:/Embedded/Microchip/MPLAB C32 Suite/bin/../lib/gcc/pic32mx/3.4.4/../../../../pic32mx/lib\libmchp_peripheral_32MX695F512H.a(nvm_operation_lib.o)
 .comment       0x0000039c       0x4d C:/Embedded/Microchip/MPLAB C32 Suite/bin/../lib/gcc/pic32mx/3.4.4/../../../../pic32mx/lib\libmchp_peripheral_32MX695F512H.a(nvm_write_word_lib.o)
 .comment       0x000003e9       0x4d C:/Embedded/Microchip/MPLAB C32 Suite/bin/../lib/gcc/pic32mx/3.4.4/../../../../pic32mx/lib\libmchp_peripheral_32MX695F512H.a(int_restore_interrupts_lib.o)

.debug
 *(.debug)

.line
 *(.line)

.debug_srcinfo
 *(.debug_srcinfo)

.debug_sfnames
 *(.debug_sfnames)

.debug_aranges  0x00000000      0x1f0
 *(.debug_aranges)
 .debug_aranges
                0x00000000       0x20 Output\main.o
 .debug_aranges
                0x00000020       0x20 Output\usb_device.o
 .debug_aranges
                0x00000040       0x20 Output\usb_function_hid.o
 .debug_aranges
                0x00000060       0x28 C:/Embedded/Microchip/MPLAB C32 Suite/bin/../lib/gcc/pic32mx/3.4.4/../../../../pic32mx/lib\libc.a(default-general-exception-handler.o)
 .debug_aranges
                0x00000088       0x28 C:/Embedded/Microchip/MPLAB C32 Suite/bin/../lib/gcc/pic32mx/3.4.4/../../../../pic32mx/lib\libc.a(default-bootstrap-exception-handler.o)
 .debug_aranges
                0x000000b0       0x28 C:/Embedded/Microchip/MPLAB C32 Suite/bin/../lib/gcc/pic32mx/3.4.4/../../../../pic32mx/lib\libc.a(default-on-reset.o)
 .debug_aranges
                0x000000d8       0x28 C:/Embedded/Microchip/MPLAB C32 Suite/bin/../lib/gcc/pic32mx/3.4.4/../../../../pic32mx/lib\libc.a(default-on-bootstrap.o)
 .debug_aranges
                0x00000100       0x28 C:/Embedded/Microchip/MPLAB C32 Suite/bin/../lib/gcc/pic32mx/3.4.4/../../../../pic32mx/lib\libmchp_peripheral_32MX695F512H.a(soft_reset_lib.o)
 .debug_aranges
                0x00000128       0x28 C:/Embedded/Microchip/MPLAB C32 Suite/bin/../lib/gcc/pic32mx/3.4.4/../../../../pic32mx/lib\libmchp_peripheral_32MX695F512H.a(int_disable_interrupts_lib.o)
 .debug_aranges
                0x00000150       0x28 C:/Embedded/Microchip/MPLAB C32 Suite/bin/../lib/gcc/pic32mx/3.4.4/../../../../pic32mx/lib\libmchp_peripheral_32MX695F512H.a(nvm_erase_page_lib.o)
 .debug_aranges
                0x00000178       0x28 C:/Embedded/Microchip/MPLAB C32 Suite/bin/../lib/gcc/pic32mx/3.4.4/../../../../pic32mx/lib\libmchp_peripheral_32MX695F512H.a(nvm_operation_lib.o)
 .debug_aranges
                0x000001a0       0x28 C:/Embedded/Microchip/MPLAB C32 Suite/bin/../lib/gcc/pic32mx/3.4.4/../../../../pic32mx/lib\libmchp_peripheral_32MX695F512H.a(nvm_write_word_lib.o)
 .debug_aranges
                0x000001c8       0x28 C:/Embedded/Microchip/MPLAB C32 Suite/bin/../lib/gcc/pic32mx/3.4.4/../../../../pic32mx/lib\libmchp_peripheral_32MX695F512H.a(int_restore_interrupts_lib.o)

.debug_pubnames
                0x00000000      0x808
 *(.debug_pubnames)
 .debug_pubnames
                0x00000000       0x81 Output\usb_descriptors.o
 .debug_pubnames
                0x00000081      0x27d Output\main.o
 .debug_pubnames
                0x000002fe      0x337 Output\usb_device.o
 .debug_pubnames
                0x00000635       0x4b Output\usb_function_hid.o
 .debug_pubnames
                0x00000680       0x31 C:/Embedded/Microchip/MPLAB C32 Suite/bin/../lib/gcc/pic32mx/3.4.4/../../../../pic32mx/lib\libc.a(default-general-exception-handler.o)
 .debug_pubnames
                0x000006b1       0x33 C:/Embedded/Microchip/MPLAB C32 Suite/bin/../lib/gcc/pic32mx/3.4.4/../../../../pic32mx/lib\libc.a(default-bootstrap-exception-handler.o)
 .debug_pubnames
                0x000006e4       0x20 C:/Embedded/Microchip/MPLAB C32 Suite/bin/../lib/gcc/pic32mx/3.4.4/../../../../pic32mx/lib\libc.a(default-on-reset.o)
 .debug_pubnames
                0x00000704       0x24 C:/Embedded/Microchip/MPLAB C32 Suite/bin/../lib/gcc/pic32mx/3.4.4/../../../../pic32mx/lib\libc.a(default-on-bootstrap.o)
 .debug_pubnames
                0x00000728       0x20 C:/Embedded/Microchip/MPLAB C32 Suite/bin/../lib/gcc/pic32mx/3.4.4/../../../../pic32mx/lib\libmchp_peripheral_32MX695F512H.a(soft_reset_lib.o)
 .debug_pubnames
                0x00000748       0x2b C:/Embedded/Microchip/MPLAB C32 Suite/bin/../lib/gcc/pic32mx/3.4.4/../../../../pic32mx/lib\libmchp_peripheral_32MX695F512H.a(int_disable_interrupts_lib.o)
 .debug_pubnames
                0x00000773       0x23 C:/Embedded/Microchip/MPLAB C32 Suite/bin/../lib/gcc/pic32mx/3.4.4/../../../../pic32mx/lib\libmchp_peripheral_32MX695F512H.a(nvm_erase_page_lib.o)
 .debug_pubnames
                0x00000796       0x24 C:/Embedded/Microchip/MPLAB C32 Suite/bin/../lib/gcc/pic32mx/3.4.4/../../../../pic32mx/lib\libmchp_peripheral_32MX695F512H.a(nvm_operation_lib.o)
 .debug_pubnames
                0x000007ba       0x23 C:/Embedded/Microchip/MPLAB C32 Suite/bin/../lib/gcc/pic32mx/3.4.4/../../../../pic32mx/lib\libmchp_peripheral_32MX695F512H.a(nvm_write_word_lib.o)
 .debug_pubnames
                0x000007dd       0x2b C:/Embedded/Microchip/MPLAB C32 Suite/bin/../lib/gcc/pic32mx/3.4.4/../../../../pic32mx/lib\libmchp_peripheral_32MX695F512H.a(int_restore_interrupts_lib.o)

.debug_info     0x00000000     0x3892
 *(.debug_info .gnu.linkonce.wi.*)
 .debug_info    0x00000000      0x77a Output\usb_descriptors.o
 .debug_info    0x0000077a     0x111d Output\main.o
 .debug_info    0x00001897     0x15d5 Output\usb_device.o
 .debug_info    0x00002e6c      0x842 Output\usb_function_hid.o
 .debug_info    0x000036ae       0x31 C:/Embedded/Microchip/MPLAB C32 Suite/bin/../lib/gcc/pic32mx/3.4.4/../../../../pic32mx/lib\libc.a(default-general-exception-handler.o)
 .debug_info    0x000036df       0x31 C:/Embedded/Microchip/MPLAB C32 Suite/bin/../lib/gcc/pic32mx/3.4.4/../../../../pic32mx/lib\libc.a(default-bootstrap-exception-handler.o)
 .debug_info    0x00003710       0x31 C:/Embedded/Microchip/MPLAB C32 Suite/bin/../lib/gcc/pic32mx/3.4.4/../../../../pic32mx/lib\libc.a(default-on-reset.o)
 .debug_info    0x00003741       0x31 C:/Embedded/Microchip/MPLAB C32 Suite/bin/../lib/gcc/pic32mx/3.4.4/../../../../pic32mx/lib\libc.a(default-on-bootstrap.o)
 .debug_info    0x00003772       0x30 C:/Embedded/Microchip/MPLAB C32 Suite/bin/../lib/gcc/pic32mx/3.4.4/../../../../pic32mx/lib\libmchp_peripheral_32MX695F512H.a(soft_reset_lib.o)
 .debug_info    0x000037a2       0x30 C:/Embedded/Microchip/MPLAB C32 Suite/bin/../lib/gcc/pic32mx/3.4.4/../../../../pic32mx/lib\libmchp_peripheral_32MX695F512H.a(int_disable_interrupts_lib.o)
 .debug_info    0x000037d2       0x30 C:/Embedded/Microchip/MPLAB C32 Suite/bin/../lib/gcc/pic32mx/3.4.4/../../../../pic32mx/lib\libmchp_peripheral_32MX695F512H.a(nvm_erase_page_lib.o)
 .debug_info    0x00003802       0x30 C:/Embedded/Microchip/MPLAB C32 Suite/bin/../lib/gcc/pic32mx/3.4.4/../../../../pic32mx/lib\libmchp_peripheral_32MX695F512H.a(nvm_operation_lib.o)
 .debug_info    0x00003832       0x30 C:/Embedded/Microchip/MPLAB C32 Suite/bin/../lib/gcc/pic32mx/3.4.4/../../../../pic32mx/lib\libmchp_peripheral_32MX695F512H.a(nvm_write_word_lib.o)
 .debug_info    0x00003862       0x30 C:/Embedded/Microchip/MPLAB C32 Suite/bin/../lib/gcc/pic32mx/3.4.4/../../../../pic32mx/lib\libmchp_peripheral_32MX695F512H.a(int_restore_interrupts_lib.o)

.debug_abbrev   0x00000000      0x9d0
 *(.debug_abbrev)
 .debug_abbrev  0x00000000      0x165 Output\usb_descriptors.o
 .debug_abbrev  0x00000165      0x28c Output\main.o
 .debug_abbrev  0x000003f1      0x2da Output\usb_device.o
 .debug_abbrev  0x000006cb      0x19f Output\usb_function_hid.o
 .debug_abbrev  0x0000086a       0x25 C:/Embedded/Microchip/MPLAB C32 Suite/bin/../lib/gcc/pic32mx/3.4.4/../../../../pic32mx/lib\libc.a(default-general-exception-handler.o)
 .debug_abbrev  0x0000088f       0x25 C:/Embedded/Microchip/MPLAB C32 Suite/bin/../lib/gcc/pic32mx/3.4.4/../../../../pic32mx/lib\libc.a(default-bootstrap-exception-handler.o)
 .debug_abbrev  0x000008b4       0x25 C:/Embedded/Microchip/MPLAB C32 Suite/bin/../lib/gcc/pic32mx/3.4.4/../../../../pic32mx/lib\libc.a(default-on-reset.o)
 .debug_abbrev  0x000008d9       0x25 C:/Embedded/Microchip/MPLAB C32 Suite/bin/../lib/gcc/pic32mx/3.4.4/../../../../pic32mx/lib\libc.a(default-on-bootstrap.o)
 .debug_abbrev  0x000008fe       0x23 C:/Embedded/Microchip/MPLAB C32 Suite/bin/../lib/gcc/pic32mx/3.4.4/../../../../pic32mx/lib\libmchp_peripheral_32MX695F512H.a(soft_reset_lib.o)
 .debug_abbrev  0x00000921       0x23 C:/Embedded/Microchip/MPLAB C32 Suite/bin/../lib/gcc/pic32mx/3.4.4/../../../../pic32mx/lib\libmchp_peripheral_32MX695F512H.a(int_disable_interrupts_lib.o)
 .debug_abbrev  0x00000944       0x23 C:/Embedded/Microchip/MPLAB C32 Suite/bin/../lib/gcc/pic32mx/3.4.4/../../../../pic32mx/lib\libmchp_peripheral_32MX695F512H.a(nvm_erase_page_lib.o)
 .debug_abbrev  0x00000967       0x23 C:/Embedded/Microchip/MPLAB C32 Suite/bin/../lib/gcc/pic32mx/3.4.4/../../../../pic32mx/lib\libmchp_peripheral_32MX695F512H.a(nvm_operation_lib.o)
 .debug_abbrev  0x0000098a       0x23 C:/Embedded/Microchip/MPLAB C32 Suite/bin/../lib/gcc/pic32mx/3.4.4/../../../../pic32mx/lib\libmchp_peripheral_32MX695F512H.a(nvm_write_word_lib.o)
 .debug_abbrev  0x000009ad       0x23 C:/Embedded/Microchip/MPLAB C32 Suite/bin/../lib/gcc/pic32mx/3.4.4/../../../../pic32mx/lib\libmchp_peripheral_32MX695F512H.a(int_restore_interrupts_lib.o)

.debug_line     0x00000000     0x147f
 *(.debug_line)
 .debug_line    0x00000000      0x183 Output\usb_descriptors.o
 .debug_line    0x00000183      0x347 Output\main.o
 .debug_line    0x000004ca      0x6e7 Output\usb_device.o
 .debug_line    0x00000bb1      0x211 Output\usb_function_hid.o
 .debug_line    0x00000dc2       0xba C:/Embedded/Microchip/MPLAB C32 Suite/bin/../lib/gcc/pic32mx/3.4.4/../../../../pic32mx/lib\libc.a(default-general-exception-handler.o)
 .debug_line    0x00000e7c       0xbc C:/Embedded/Microchip/MPLAB C32 Suite/bin/../lib/gcc/pic32mx/3.4.4/../../../../pic32mx/lib\libc.a(default-bootstrap-exception-handler.o)
 .debug_line    0x00000f38       0xa9 C:/Embedded/Microchip/MPLAB C32 Suite/bin/../lib/gcc/pic32mx/3.4.4/../../../../pic32mx/lib\libc.a(default-on-reset.o)
 .debug_line    0x00000fe1       0xad C:/Embedded/Microchip/MPLAB C32 Suite/bin/../lib/gcc/pic32mx/3.4.4/../../../../pic32mx/lib\libc.a(default-on-bootstrap.o)
 .debug_line    0x0000108e       0xa4 C:/Embedded/Microchip/MPLAB C32 Suite/bin/../lib/gcc/pic32mx/3.4.4/../../../../pic32mx/lib\libmchp_peripheral_32MX695F512H.a(soft_reset_lib.o)
 .debug_line    0x00001132       0xae C:/Embedded/Microchip/MPLAB C32 Suite/bin/../lib/gcc/pic32mx/3.4.4/../../../../pic32mx/lib\libmchp_peripheral_32MX695F512H.a(int_disable_interrupts_lib.o)
 .debug_line    0x000011e0       0xa6 C:/Embedded/Microchip/MPLAB C32 Suite/bin/../lib/gcc/pic32mx/3.4.4/../../../../pic32mx/lib\libmchp_peripheral_32MX695F512H.a(nvm_erase_page_lib.o)
 .debug_line    0x00001286       0xa5 C:/Embedded/Microchip/MPLAB C32 Suite/bin/../lib/gcc/pic32mx/3.4.4/../../../../pic32mx/lib\libmchp_peripheral_32MX695F512H.a(nvm_operation_lib.o)
 .debug_line    0x0000132b       0xa6 C:/Embedded/Microchip/MPLAB C32 Suite/bin/../lib/gcc/pic32mx/3.4.4/../../../../pic32mx/lib\libmchp_peripheral_32MX695F512H.a(nvm_write_word_lib.o)
 .debug_line    0x000013d1       0xae C:/Embedded/Microchip/MPLAB C32 Suite/bin/../lib/gcc/pic32mx/3.4.4/../../../../pic32mx/lib\libmchp_peripheral_32MX695F512H.a(int_restore_interrupts_lib.o)

.debug_frame    0x00000000      0x514
 *(.debug_frame)
 .debug_frame   0x00000000      0x174 Output\main.o
 .debug_frame   0x00000174      0x21c Output\usb_device.o
 .debug_frame   0x00000390       0x20 Output\usb_function_hid.o
 .debug_frame   0x000003b0       0x20 C:/Embedded/Microchip/MPLAB C32 Suite/bin/../lib/gcc/pic32mx/3.4.4/../../../../pic32mx/lib\libc.a(default-general-exception-handler.o)
 .debug_frame   0x000003d0       0x20 C:/Embedded/Microchip/MPLAB C32 Suite/bin/../lib/gcc/pic32mx/3.4.4/../../../../pic32mx/lib\libc.a(default-bootstrap-exception-handler.o)
 .debug_frame   0x000003f0       0x20 C:/Embedded/Microchip/MPLAB C32 Suite/bin/../lib/gcc/pic32mx/3.4.4/../../../../pic32mx/lib\libc.a(default-on-reset.o)
 .debug_frame   0x00000410       0x20 C:/Embedded/Microchip/MPLAB C32 Suite/bin/../lib/gcc/pic32mx/3.4.4/../../../../pic32mx/lib\libc.a(default-on-bootstrap.o)
 .debug_frame   0x00000430       0x28 C:/Embedded/Microchip/MPLAB C32 Suite/bin/../lib/gcc/pic32mx/3.4.4/../../../../pic32mx/lib\libmchp_peripheral_32MX695F512H.a(soft_reset_lib.o)
 .debug_frame   0x00000458       0x20 C:/Embedded/Microchip/MPLAB C32 Suite/bin/../lib/gcc/pic32mx/3.4.4/../../../../pic32mx/lib\libmchp_peripheral_32MX695F512H.a(int_disable_interrupts_lib.o)
 .debug_frame   0x00000478       0x28 C:/Embedded/Microchip/MPLAB C32 Suite/bin/../lib/gcc/pic32mx/3.4.4/../../../../pic32mx/lib\libmchp_peripheral_32MX695F512H.a(nvm_erase_page_lib.o)
 .debug_frame   0x000004a0       0x2c C:/Embedded/Microchip/MPLAB C32 Suite/bin/../lib/gcc/pic32mx/3.4.4/../../../../pic32mx/lib\libmchp_peripheral_32MX695F512H.a(nvm_operation_lib.o)
 .debug_frame   0x000004cc       0x28 C:/Embedded/Microchip/MPLAB C32 Suite/bin/../lib/gcc/pic32mx/3.4.4/../../../../pic32mx/lib\libmchp_peripheral_32MX695F512H.a(nvm_write_word_lib.o)
 .debug_frame   0x000004f4       0x20 C:/Embedded/Microchip/MPLAB C32 Suite/bin/../lib/gcc/pic32mx/3.4.4/../../../../pic32mx/lib\libmchp_peripheral_32MX695F512H.a(int_restore_interrupts_lib.o)

.debug_str      0x00000000     0x1868
 *(.debug_str)
 .debug_str     0x00000000      0x44e Output\usb_descriptors.o
                                0x4c7 (size before relaxing)
 .debug_str     0x0000044e      0x720 Output\main.o
                                0xac1 (size before relaxing)
 .debug_str     0x00000b6e      0x6cd Output\usb_device.o
                                0xc83 (size before relaxing)
 .debug_str     0x0000123b       0x44 Output\usb_function_hid.o
                                0x476 (size before relaxing)
 .debug_str     0x0000127f       0xa5 C:/Embedded/Microchip/MPLAB C32 Suite/bin/../lib/gcc/pic32mx/3.4.4/../../../../pic32mx/lib\libc.a(default-general-exception-handler.o)
                                 0xec (size before relaxing)
 .debug_str     0x00001324       0xa9 C:/Embedded/Microchip/MPLAB C32 Suite/bin/../lib/gcc/pic32mx/3.4.4/../../../../pic32mx/lib\libc.a(default-bootstrap-exception-handler.o)
                                 0xf0 (size before relaxing)
 .debug_str     0x000013cd       0x83 C:/Embedded/Microchip/MPLAB C32 Suite/bin/../lib/gcc/pic32mx/3.4.4/../../../../pic32mx/lib\libc.a(default-on-reset.o)
                                 0xca (size before relaxing)
 .debug_str     0x00001450       0x8b C:/Embedded/Microchip/MPLAB C32 Suite/bin/../lib/gcc/pic32mx/3.4.4/../../../../pic32mx/lib\libc.a(default-on-bootstrap.o)
                                 0xd2 (size before relaxing)
 .debug_str     0x000014db       0x8e C:/Embedded/Microchip/MPLAB C32 Suite/bin/../lib/gcc/pic32mx/3.4.4/../../../../pic32mx/lib\libmchp_peripheral_32MX695F512H.a(soft_reset_lib.o)
                                 0xd5 (size before relaxing)
 .debug_str     0x00001569       0xa3 C:/Embedded/Microchip/MPLAB C32 Suite/bin/../lib/gcc/pic32mx/3.4.4/../../../../pic32mx/lib\libmchp_peripheral_32MX695F512H.a(int_disable_interrupts_lib.o)
                                 0xea (size before relaxing)
 .debug_str     0x0000160c       0x93 C:/Embedded/Microchip/MPLAB C32 Suite/bin/../lib/gcc/pic32mx/3.4.4/../../../../pic32mx/lib\libmchp_peripheral_32MX695F512H.a(nvm_erase_page_lib.o)
                                 0xda (size before relaxing)
 .debug_str     0x0000169f       0x93 C:/Embedded/Microchip/MPLAB C32 Suite/bin/../lib/gcc/pic32mx/3.4.4/../../../../pic32mx/lib\libmchp_peripheral_32MX695F512H.a(nvm_operation_lib.o)
                                 0xda (size before relaxing)
 .debug_str     0x00001732       0x93 C:/Embedded/Microchip/MPLAB C32 Suite/bin/../lib/gcc/pic32mx/3.4.4/../../../../pic32mx/lib\libmchp_peripheral_32MX695F512H.a(nvm_write_word_lib.o)
                                 0xda (size before relaxing)
 .debug_str     0x000017c5       0xa3 C:/Embedded/Microchip/MPLAB C32 Suite/bin/../lib/gcc/pic32mx/3.4.4/../../../../pic32mx/lib\libmchp_peripheral_32MX695F512H.a(int_restore_interrupts_lib.o)
                                 0xea (size before relaxing)

.debug_loc
 *(.debug_loc)

.debug_macinfo  0x00000000     0x24bc
 *(.debug_macinfo)
 .debug_macinfo
                0x00000000      0x92f C:/Embedded/Microchip/MPLAB C32 Suite/bin/../lib/gcc/pic32mx/3.4.4/../../../../pic32mx/lib\libc.a(default-general-exception-handler.o)
 .debug_macinfo
                0x0000092f      0x92f C:/Embedded/Microchip/MPLAB C32 Suite/bin/../lib/gcc/pic32mx/3.4.4/../../../../pic32mx/lib\libc.a(default-bootstrap-exception-handler.o)
 .debug_macinfo
                0x0000125e      0x92f C:/Embedded/Microchip/MPLAB C32 Suite/bin/../lib/gcc/pic32mx/3.4.4/../../../../pic32mx/lib\libc.a(default-on-reset.o)
 .debug_macinfo
                0x00001b8d      0x92f C:/Embedded/Microchip/MPLAB C32 Suite/bin/../lib/gcc/pic32mx/3.4.4/../../../../pic32mx/lib\libc.a(default-on-bootstrap.o)

.debug_weaknames
 *(.debug_weaknames)

.debug_funcnames
 *(.debug_funcnames)

.debug_typenames
 *(.debug_typenames)

.debug_varnames
 *(.debug_varnames)
OUTPUT(Output\HIDBoot.elf elf32-tradlittlemips)
